// Jest Snapshot v1, https://goo.gl/fbAQLP

exports[`About component should render as expected 1`] = `
<div>
  <Post />
</div>
`;
