// Jest Snapshot v1, https://goo.gl/fbAQLP

exports[`About component should render as expected 1`] = `
<div>
  <h1
    className="heading"
  >
    Hi. I am JungHoon!
  </h1>
  <p
    className="content"
  >
    This section is all about me, yay!
  </p>
</div>
`;
