// Jest Snapshot v1, https://goo.gl/fbAQLP

exports[`Post component should render as expected 1`] = `
<div>
  <h2
    className="title"
  >
    <Link
      className="link"
      replace={false}
      to="/post/undefined"
    />
  </h2>
  <p
    className="content"
  />
</div>
`;
